Microchip MPLAB XC8 Compiler V2.45

Linker command line:

-W-3 \
  --edf=C:\Program Files\Microchip\xc8\v2.45\pic\dat\20230818022343_en.msgs \
  -cn -h+dist/default/debug\Application.debug.sym \
  --cmf=dist/default/debug\Application.debug.cmf -z -Q18F4620 \
  -oC:\Users\karim\AppData\Local\Temp\xcAs96k.\driver_tmp_3.o \
  --defsym=__MPLAB_BUILD=1 --fixupoverflow=error \
  -Mdist/default/debug/Application.debug.map \
  --md=C:\Users\karim\AppData\Local\Temp\xcAs96k.\driver_tmp_0.dat -E1 \
  -ver=XC8 Compiler --acfsm=1493 -ACODE=00h-0FFFFh -ACONST=00h-0FFFFh \
  -ASMALLCONST=01000h-010FFhx240 -AMEDIUMCONST=01000h-0FFFFh \
  -ACOMRAM=01h-07Fh -AABS1=00h-0F7Fh -ABIGRAM=01h-0F7Fh \
  -ARAM=080h-0FFh,0100h-01FFhx14,0F00h-0F7Fh -ABANK0=080h-0FFh \
  -ABANK1=0100h-01FFh -ABANK2=0200h-02FFh -ABANK3=0300h-03FFh \
  -ABANK4=0400h-04FFh -ABANK5=0500h-05FFh -ABANK6=0600h-06FFh \
  -ABANK7=0700h-07FFh -ABANK8=0800h-08FFh -ABANK9=0900h-09FFh \
  -ABANK10=0A00h-0AFFh -ABANK11=0B00h-0BFFh -ABANK12=0C00h-0CFFh \
  -ABANK13=0D00h-0DFFh -ABANK14=0E00h-0EFFh -ABANK15=0F00h-0F7Fh \
  -ASFR=0F80h-0FFFh -ABIGSFR=0F80h-0FFFh -ACONFIG=0300000h-030000Dh \
  -AIDLOC=0200000h-0200007h -AEEDATA=0F00000h-0F003FFh -peeprom_data=EEDATA \
  -preset_vec=00h,intcode=08h,intcodelo,powerup,init -pramtop=01000h \
  -psmallconst=SMALLCONST -pmediumconst=MEDIUMCONST -pconst=CONST \
  -AFARRAM=00h-00h \
  -prdata=COMRAM,nvrram=COMRAM,nvbit=COMRAM,rbss=COMRAM,rbit=COMRAM \
  -pfarbss=FARRAM,fardata=FARRAM,nvFARRAM=FARRAM \
  -pintsave_regs=BIGRAM,bigbss=BIGRAM,bigdata=BIGRAM -pbss=RAM \
  -pidata=CODE,irdata=CODE,ibigdata=CODE,ifardata=CODE -prparam=COMRAM \
  C:\Users\karim\AppData\Local\Temp\xcAs96k.\driver_tmp_9.o \
  dist/default/debug\Application.debug.o 

Object code version is 3.11

Machine type is 18F4620



                Name                               Link     Load   Length Selector   Space Scale
C:\Users\karim\AppData\Local\Temp\xcAs96k.\driver_tmp_9.o
                config                           300000   300000        E        0       4
                init                                  E        E        4        4       0
                reset_vec                             0        0        4        0       0
dist/default/debug\Application.debug.o
                intcode                               8        8        6        4       0
                config                           300000   300000        E        0       4
                temp                                 7B       7B        1        1       1
                smallconst                         1000     1000       24      800       0
                text27                             22FC     22FC        4      812       0
                text26                             22F8     22F8        4      812       0
                text25                             22F4     22F4        4      812       0
                text24                             22C8     22C8       1A      812       0
                text23                             22AE     22AE       1A      812       0
                text22                             2294     2294       1A      812       0
                text21                             227A     227A       1A      812       0
                intcode_body                       12D8     12D8      286      812       0
                text19                             1C96     1C96       C0      812       0
                text18                             1756     1756      12C      812       0
                text17                             1AD0     1AD0       EC      812       0
                text16                             2212     2212       26      812       0
                text15                             1FF6     1FF6       76      812       0
                text14                             1F80     1F80       76      812       0
                text13                             1E82     1E82       84      812       0
                text12                             1D56     1D56       A4      812       0
                text11                             1DFA     1DFA       88      812       0
                text10                             1882     1882      128      812       0
                text9                              1024     1024      2B4      812       0
                text8                              155E     155E      1F8      812       0
                text7                              19AA     19AA      126      812       0
                text6                              1F06     1F06       7A      812       0
                text5                              206C     206C       68      812       0
                text4                              2194     2194       50      812       0
                text3                              21E4     21E4       2E      812       0
                text2                              2138     2138       5C      812       0
                text1                              1BBC     1BBC       DA      812       0
                text0                              225A     225A       20      812       0
                cstackCOMRAM                          1        1       30        1       1
                dataBANK0                            80       80       12       80       1
                bssBANK0                             92       92        6       80       1
                dataCOMRAM                           59       59       22        1       1
                bssCOMRAM                            31       31       28        1       1
                cinit                              20D4     20D4       64      812       0
                idataBANK0                         22E2     22E2       12      812       0
                idataCOMRAM                        2238     2238       22      812       0

TOTAL           Name                               Link     Load   Length     Space
        CLASS   CODE           
                intcode                               8        8        6         0
                init                                  E        E        4         0
                reset_vec                             0        0        4         0
                text27                             22FC     22FC        4         0
                text26                             22F8     22F8        4         0
                text25                             22F4     22F4        4         0
                text24                             22C8     22C8       1A         0
                text23                             22AE     22AE       1A         0
                text22                             2294     2294       1A         0
                text21                             227A     227A       1A         0
                intcode_body                       12D8     12D8      286         0
                text19                             1C96     1C96       C0         0
                text18                             1756     1756      12C         0
                text17                             1AD0     1AD0       EC         0
                text16                             2212     2212       26         0
                text15                             1FF6     1FF6       76         0
                text14                             1F80     1F80       76         0
                text13                             1E82     1E82       84         0
                text12                             1D56     1D56       A4         0
                text11                             1DFA     1DFA       88         0
                text10                             1882     1882      128         0
                text9                              1024     1024      2B4         0
                text8                              155E     155E      1F8         0
                text7                              19AA     19AA      126         0
                text6                              1F06     1F06       7A         0
                text5                              206C     206C       68         0
                text4                              2194     2194       50         0
                text3                              21E4     21E4       2E         0
                text2                              2138     2138       5C         0
                text1                              1BBC     1BBC       DA         0
                text0                              225A     225A       20         0
                cinit                              20D4     20D4       64         0
                idataBANK0                         22E2     22E2       12         0
                idataCOMRAM                        2238     2238       22         0

        CLASS   CONST          

        CLASS   SMALLCONST     
                smallconst                         1000     1000       24         0

        CLASS   MEDIUMCONST    

        CLASS   COMRAM         
                temp                                 7B       7B        1         1
                cstackCOMRAM                          1        1       30         1
                dataCOMRAM                           59       59       22         1
                bssCOMRAM                            31       31       28         1

        CLASS   ABS1           

        CLASS   BIGRAM         

        CLASS   RAM            

        CLASS   BANK0          
                dataBANK0                            80       80       12         1
                bssBANK0                             92       92        6         1

        CLASS   BANK1          

        CLASS   BANK2          

        CLASS   BANK3          

        CLASS   BANK4          

        CLASS   BANK5          

        CLASS   BANK6          

        CLASS   BANK7          

        CLASS   BANK8          

        CLASS   BANK9          

        CLASS   BANK10         

        CLASS   BANK11         

        CLASS   BANK12         

        CLASS   BANK13         

        CLASS   BANK14         

        CLASS   BANK15         

        CLASS   SFR            

        CLASS   BIGSFR         

        CLASS   CONFIG         
                config                           300000   300000        E         4

        CLASS   IDLOC          

        CLASS   EEDATA         

        CLASS   FARRAM         

        CLASS   HEAP           

        CLASS   STACK          



SEGMENTS        Name                           Load    Length   Top    Selector   Space  Class

                reset_vec                      000000  000004  000004         0       0  CODE    
                cstackCOMRAM                   000001  00007B  00007C         1       1  COMRAM  
                intcode                        000008  00000A  000012         4       0  CODE    
                dataBANK0                      000080  000018  000098        80       1  BANK0   
                smallconst                     001000  000024  001024       800       0  SMALLCON
                text9                          001024  0012DC  002300       812       0  CODE    


UNUSED ADDRESS RANGES

        Name                Unused          Largest block    Delta
        BANK0            000098-0000FF               68
        BANK1            000100-0001FF              100
        BANK10           000A00-000AFF              100
        BANK11           000B00-000BFF              100
        BANK12           000C00-000CFF              100
        BANK13           000D00-000DFF              100
        BANK14           000E00-000EFF              100
        BANK15           000F00-000F7F               80
        BANK2            000200-0002FF              100
        BANK3            000300-0003FF              100
        BANK4            000400-0004FF              100
        BANK5            000500-0005FF              100
        BANK6            000600-0006FF              100
        BANK7            000700-0007FF              100
        BANK8            000800-0008FF              100
        BANK9            000900-0009FF              100
        BIGRAM           00007C-00007F                4
                         000098-000F7F              EE8
        BIGSFR           000F80-000FFF               80
        CODE             000004-000007                4
                         000012-000FFF              FEE
                         002300-00FFFF             DD00
        COMRAM           00007C-00007F                4
        CONST            000004-000007                4
                         000012-000FFF              FEE
                         002300-00FFFF             DD00
        EEDATA           F00000-F003FF              400
        IDLOC            200000-200007                8
        MEDIUMCONST      002300-00FFFF             DD00
        RAM              000098-000F7F              100
        SFR              000F80-000FFF               80
        SMALLCONST       002300-00FFFF              100

                                  Symbol Table

?___lldiv                           cstackCOMRAM 000002
?___llmod                           cstackCOMRAM 000002
GPIO_PIN_Direction_Init@RET         cstackCOMRAM 000008
GPIO_PIN_Direction_Init@_pin_config cstackCOMRAM 000002
GPIO_PIN_Init@RET                   cstackCOMRAM 00000C
GPIO_PIN_Init@_pin_config           cstackCOMRAM 00000A
GPIO_PIN_Read_Logic@RET             cstackCOMRAM 000008
GPIO_PIN_Read_Logic@_pin_config     cstackCOMRAM 000002
GPIO_PIN_Read_Logic@logic_status    cstackCOMRAM 000003
GPIO_PIN_Write_Logic@RET            cstackCOMRAM 000009
GPIO_PIN_Write_Logic@_pin_config    cstackCOMRAM 000002
GPIO_PIN_Write_Logic@logic_status   cstackCOMRAM 000003
KEYPAD_Get_Number@RET               cstackCOMRAM 00000D
KEYPAD_Get_Number@column_counter    cstackCOMRAM 000011
KEYPAD_Get_Number@counter           cstackCOMRAM 00000F
KEYPAD_Get_Number@keypad            cstackCOMRAM 00000A
KEYPAD_Get_Number@logic             cstackCOMRAM 00000E
KEYPAD_Get_Number@number            cstackCOMRAM 00000B
KEYPAD_Get_Number@row_counter       cstackCOMRAM 000010
KEYPAD_Init@RET                     cstackCOMRAM 00000E
KEYPAD_Init@column_counter          cstackCOMRAM 000010
KEYPAD_Init@keypad                  cstackCOMRAM 00000D
KEYPAD_Init@row_counter             cstackCOMRAM 00000F
LCD_4BITS_Send_Command@RET          cstackCOMRAM 00000F
LCD_4BITS_Send_Command@command      cstackCOMRAM 00000E
LCD_4BITS_Send_Command@lcd          cstackCOMRAM 00000D
LCD_4BITS_Send_Data@RET             cstackCOMRAM 00000C
LCD_4BITS_Send_Data@command         cstackCOMRAM 00000B
LCD_4BITS_Send_Data@lcd             cstackCOMRAM 00000A
LCD_4BITS_Send_ENABLE@RET           cstackCOMRAM 00000B
LCD_4BITS_Send_ENABLE@lcd           cstackCOMRAM 00000A
LCD_8BITS_Init@RET                  cstackCOMRAM 000015
LCD_8BITS_Init@counter              cstackCOMRAM 000014
LCD_8BITS_Init@lcd                  cstackCOMRAM 000012
LCD_8BITS_Send_Char@RET             cstackCOMRAM 000010
LCD_8BITS_Send_Char@counter         cstackCOMRAM 000011
LCD_8BITS_Send_Char@data            cstackCOMRAM 00000D
LCD_8BITS_Send_Char@lcd             cstackCOMRAM 00000C
LCD_8BITS_Send_Command@RET          cstackCOMRAM 000010
LCD_8BITS_Send_Command@command      cstackCOMRAM 00000D
LCD_8BITS_Send_Command@counter      cstackCOMRAM 000011
LCD_8BITS_Send_Command@lcd          cstackCOMRAM 00000C
LCD_8BITS_Send_ENABLE@RET           cstackCOMRAM 00000B
LCD_8BITS_Send_ENABLE@lcd           cstackCOMRAM 00000A
LCD_8BITS_Send_Number@RET           cstackCOMRAM 000026
LCD_8BITS_Send_Number@i             cstackCOMRAM 00002B
LCD_8BITS_Send_Number@lcd           cstackCOMRAM 000016
LCD_8BITS_Send_Number@len           cstackCOMRAM 00002C
LCD_8BITS_Send_Number@n             cstackCOMRAM 000027
LCD_8BITS_Send_Number@number        cstackCOMRAM 000017
LCD_8BITS_Send_Number@rem           cstackCOMRAM 000025
LCD_8BITS_Send_Number@str           cstackCOMRAM 00001B
LCD_8BITS_Send_String@RET           cstackCOMRAM 000015
LCD_8BITS_Send_String@lcd           cstackCOMRAM 000012
LCD_8BITS_Send_String@string        cstackCOMRAM 000013
LED_Init@F2737                      bssCOMRAM    000050
LED_Toggle@F2752                    bssCOMRAM    00004D
LED_Turn_Off@F2747                  bssCOMRAM    00004E
LED_Turn_On@F2742                   bssCOMRAM    00004F
RB4_ISR@level                       cstackCOMRAM 000001
RB5_ISR@level                       cstackCOMRAM 000001
RB6_ISR@level                       cstackCOMRAM 000001
RB7_ISR@level                       cstackCOMRAM 000001
RELAY_Init@F2737                    bssCOMRAM    00004C
RELAY_Toggle@F2752                  bssCOMRAM    000049
RELAY_Turn_OFF@F2747                bssCOMRAM    00004A
RELAY_Turn_ON@F2742                 bssCOMRAM    00004B
_ADCON0bits                         (abs)        000FC2
_ADCON1bits                         (abs)        000FC1
_ADCON2bits                         (abs)        000FC0
_ADRESH                             (abs)        000FC4
_ADRESL                             (abs)        000FC3
_EEADR                              (abs)        000FA9
_EEADRH                             (abs)        000FAA
_EECON1bits                         (abs)        000FA6
_EECON2                             (abs)        000FA7
_EEDATA                             (abs)        000FA8
_GPIO_PIN_Direction_Init            text7        0019AA
_GPIO_PIN_Init                      text6        001F06
_GPIO_PIN_Read_Logic                text19       001C96
_GPIO_PIN_Write_Logic               text18       001756
_Get_First_Number                   text9        001024
_Get_Second_Number                  text8        00155E
_INT0_ISR                           text27       0022FC
_INT0_InterruptHandler              bssCOMRAM    000045
_INT1_ISR                           text26       0022F8
_INT1_InterruptHandler              bssCOMRAM    000043
_INT2_ISR                           text25       0022F4
_INT2_InterruptHandler              bssCOMRAM    000041
_INTCON2bits                        (abs)        000FF1
_INTCON3bits                        (abs)        000FF0
_INTCONbits                         (abs)        000FF2
_InterruptManager                   intcode      000008
_KEYPAD_Get_Number                  text17       001AD0
_KEYPAD_Init                        text5        00206C
_Keypad_Elements                    smallconst   001001
_LATA                               (abs)        000F89
_LATB                               (abs)        000F8A
_LATC                               (abs)        000F8B
_LATD                               (abs)        000F8C
_LATE                               (abs)        000F8D
_LAT_REG                            dataCOMRAM   000059
_LCD_4BITS_Send_Command             text2        002138
_LCD_4BITS_Send_Data                text4        002194
_LCD_4BITS_Send_ENABLE              text3        0021E4
_LCD_8BITS_Init                     text1        001BBC
_LCD_8BITS_Send_Char                text14       001F80
_LCD_8BITS_Send_Command             text15       001FF6
_LCD_8BITS_Send_ENABLE              text16       002212
_LCD_8BITS_Send_Number              text10       001882
_LCD_8BITS_Send_String              text13       001E82
_PORTA                              (abs)        000F80
_PORTB                              (abs)        000F81
_PORTBbits                          (abs)        000F81
_PORTC                              (abs)        000F82
_PORTD                              (abs)        000F83
_PORTE                              (abs)        000F84
_PORT_REG                           dataBANK0    000080
_RB4_ISR                            text24       0022C8
_RB4_InterruptHandler_HIGH          bssCOMRAM    00003F
_RB4_InterruptHandler_LOW           bssCOMRAM    00003D
_RB4_flag                           dataCOMRAM   000070
_RB5_ISR                            text23       0022AE
_RB5_InterruptHandler_HIGH          bssCOMRAM    00003B
_RB5_InterruptHandler_LOW           bssCOMRAM    000039
_RB5_flag                           dataCOMRAM   00006F
_RB6_ISR                            text22       002294
_RB6_InterruptHandler_HIGH          bssCOMRAM    000037
_RB6_InterruptHandler_LOW           bssCOMRAM    000035
_RB6_flag                           dataCOMRAM   00006E
_RB7_ISR                            text21       00227A
_RB7_InterruptHandler_HIGH          bssCOMRAM    000033
_RB7_InterruptHandler_LOW           bssCOMRAM    000031
_RB7_flag                           dataCOMRAM   00006D
_TRISA                              (abs)        000F92
_TRISB                              (abs)        000F93
_TRISC                              (abs)        000F94
_TRISD                              (abs)        000F95
_TRISE                              (abs)        000F96
_TRIS_REG                           dataCOMRAM   000063
__HRAM                              (abs)        000000
__H__absolute__                     __absolute__ 000000
__Habs1                             abs1         000000
__Hbank0                            bank0        000000
__Hbank1                            bank1        000000
__Hbank10                           bank10       000000
__Hbank11                           bank11       000000
__Hbank12                           bank12       000000
__Hbank13                           bank13       000000
__Hbank14                           bank14       000000
__Hbank15                           bank15       000000
__Hbank2                            bank2        000000
__Hbank3                            bank3        000000
__Hbank4                            bank4        000000
__Hbank5                            bank5        000000
__Hbank6                            bank6        000000
__Hbank7                            bank7        000000
__Hbank8                            bank8        000000
__Hbank9                            bank9        000000
__Hbigbss                           bigbss       000000
__Hbigdata                          bigdata      000000
__Hbigram                           bigram       000000
__Hbigsfr                           bigsfr       000000
__Hbss                              bss          000000
__HbssBANK0                         bssBANK0     000000
__HbssCOMRAM                        bssCOMRAM    000000
__Hcinit                            cinit        000000
__Hclrtext                          clrtext      000000
__Hcomram                           comram       000000
__Hconfig                           config       30000E
__Hconst                            const        000000
__HcstackCOMRAM                     cstackCOMRAM 000000
__Hdata                             data         000000
__HdataBANK0                        dataBANK0    000000
__HdataCOMRAM                       dataCOMRAM   000000
__Heeprom_data                      eeprom_data  000000
__Hfarbss                           farbss       000000
__Hfardata                          fardata      000000
__Hheap                             heap         000000
__Hibigdata                         ibigdata     000000
__Hidata                            idata        000000
__HidataBANK0                       idataBANK0   000000
__HidataCOMRAM                      idataCOMRAM  000000
__Hidloc                            idloc        000000
__Hifardata                         ifardata     000000
__Hinit                             init         000012
__Hintcode                          intcode      00000E
__Hintcode_body                     intcode_body 000000
__Hintcodelo                        intcodelo    00000E
__Hintentry                         intentry     000000
__Hintret                           intret       000000
__Hintsave_regs                     intsave_regs 000000
__Hirdata                           irdata       000000
__Hmediumconst                      mediumconst  000000
__HnvFARRAM                         nvFARRAM     000000
__Hnvbit                            nvbit        000000
__Hnvrram                           nvrram       000000
__Hparam                            rparam       000000
__Hpowerup                          powerup      00000E
__Hram                              ram          000000
__Hramtop                           ramtop       001000
__Hrbit                             rbit         000000
__Hrbss                             rbss         000000
__Hrdata                            rdata        000000
__Hreset_vec                        reset_vec    000004
__Hrparam                           rparam       000000
__Hsfr                              sfr          000000
__Hsmallconst                       smallconst   001024
__Hspace_0                          (abs)        002300
__Hspace_1                          (abs)        000098
__Hspace_2                          (abs)        000000
__Hspace_4                          (abs)        60000E
__Hstack                            stack        000000
__Hstruct                           struct       000000
__Htemp                             temp         00007C
__Htext                             text         000000
__Htext0                            text0        000000
__Htext1                            text1        000000
__Htext10                           text10       000000
__Htext11                           text11       000000
__Htext12                           text12       000000
__Htext13                           text13       000000
__Htext14                           text14       000000
__Htext15                           text15       000000
__Htext16                           text16       000000
__Htext17                           text17       000000
__Htext18                           text18       000000
__Htext19                           text19       000000
__Htext2                            text2        000000
__Htext21                           text21       000000
__Htext22                           text22       000000
__Htext23                           text23       000000
__Htext24                           text24       000000
__Htext25                           text25       000000
__Htext26                           text26       000000
__Htext27                           text27       000000
__Htext3                            text3        000000
__Htext4                            text4        000000
__Htext5                            text5        000000
__Htext6                            text6        000000
__Htext7                            text7        000000
__Htext8                            text8        000000
__Htext9                            text9        000000
__LRAM                              (abs)        000001
__L__absolute__                     __absolute__ 000000
__Labs1                             abs1         000000
__Lbank0                            bank0        000000
__Lbank1                            bank1        000000
__Lbank10                           bank10       000000
__Lbank11                           bank11       000000
__Lbank12                           bank12       000000
__Lbank13                           bank13       000000
__Lbank14                           bank14       000000
__Lbank15                           bank15       000000
__Lbank2                            bank2        000000
__Lbank3                            bank3        000000
__Lbank4                            bank4        000000
__Lbank5                            bank5        000000
__Lbank6                            bank6        000000
__Lbank7                            bank7        000000
__Lbank8                            bank8        000000
__Lbank9                            bank9        000000
__Lbigbss                           bigbss       000000
__Lbigdata                          bigdata      000000
__Lbigram                           bigram       000000
__Lbigsfr                           bigsfr       000000
__Lbss                              bss          000000
__LbssBANK0                         bssBANK0     000000
__LbssCOMRAM                        bssCOMRAM    000000
__Lcinit                            cinit        000000
__Lclrtext                          clrtext      000000
__Lcomram                           comram       000000
__Lconfig                           config       000000
__Lconst                            const        000000
__LcstackCOMRAM                     cstackCOMRAM 000000
__Ldata                             data         000000
__LdataBANK0                        dataBANK0    000000
__LdataCOMRAM                       dataCOMRAM   000000
__Leeprom_data                      eeprom_data  000000
__Lfarbss                           farbss       000000
__Lfardata                          fardata      000000
__Lheap                             heap         000000
__Libigdata                         ibigdata     000000
__Lidata                            idata        000000
__LidataBANK0                       idataBANK0   000000
__LidataCOMRAM                      idataCOMRAM  000000
__Lidloc                            idloc        000000
__Lifardata                         ifardata     000000
__Linit                             init         00000E
__Lintcode                          intcode      000008
__Lintcode_body                     intcode_body 000000
__Lintcodelo                        intcodelo    00000E
__Lintentry                         intentry     000000
__Lintret                           intret       000000
__Lintsave_regs                     intsave_regs 000000
__Lirdata                           irdata       000000
__Lmediumconst                      mediumconst  000000
__LnvFARRAM                         nvFARRAM     000000
__Lnvbit                            nvbit        000000
__Lnvrram                           nvrram       000000
__Lparam                            rparam       000000
__Lpowerup                          powerup      00000E
__Lram                              ram          000000
__Lramtop                           ramtop       001000
__Lrbit                             rbit         000000
__Lrbss                             rbss         000000
__Lrdata                            rdata        000000
__Lreset_vec                        reset_vec    000000
__Lrparam                           rparam       000000
__Lsfr                              sfr          000000
__Lsmallconst                       smallconst   001000
__Lspace_0                          (abs)        000000
__Lspace_1                          (abs)        000000
__Lspace_2                          (abs)        000000
__Lspace_4                          (abs)        000000
__Lstack                            stack        000000
__Lstruct                           struct       000000
__Ltemp                             temp         00007B
__Ltext                             text         000000
__Ltext0                            text0        000000
__Ltext1                            text1        000000
__Ltext10                           text10       000000
__Ltext11                           text11       000000
__Ltext12                           text12       000000
__Ltext13                           text13       000000
__Ltext14                           text14       000000
__Ltext15                           text15       000000
__Ltext16                           text16       000000
__Ltext17                           text17       000000
__Ltext18                           text18       000000
__Ltext19                           text19       000000
__Ltext2                            text2        000000
__Ltext21                           text21       000000
__Ltext22                           text22       000000
__Ltext23                           text23       000000
__Ltext24                           text24       000000
__Ltext25                           text25       000000
__Ltext26                           text26       000000
__Ltext27                           text27       000000
__Ltext3                            text3        000000
__Ltext4                            text4        000000
__Ltext5                            text5        000000
__Ltext6                            text6        000000
__Ltext7                            text7        000000
__Ltext8                            text8        000000
__Ltext9                            text9        000000
__S0                                (abs)        002300
__S1                                (abs)        000098
__S4                                (abs)        000000
__S5                                (abs)        000000
___heap_hi                          (abs)        000000
___heap_lo                          (abs)        000000
___inthi_sp                         stack        000000
___inthi_stack_hi                   stack        000000
___inthi_stack_lo                   stack        000000
___intlo_sp                         stack        000000
___intlo_stack_hi                   stack        000000
___intlo_stack_lo                   stack        000000
___lldiv                            text12       001D56
___lldiv@counter                    cstackCOMRAM 00000E
___lldiv@dividend                   cstackCOMRAM 000002
___lldiv@divisor                    cstackCOMRAM 000006
___lldiv@quotient                   cstackCOMRAM 00000A
___llmod                            text11       001DFA
___llmod@counter                    cstackCOMRAM 00000A
___llmod@dividend                   cstackCOMRAM 000002
___llmod@divisor                    cstackCOMRAM 000006
___param_bank                       (abs)        000000
___rparam_used                      (abs)        000001
___sp                               stack        000000
___stack_hi                         stack        000000
___stack_lo                         stack        000000
__accesstop                         (abs)        000080
__activetblptr                      (abs)        000003
__end_of_GPIO_PIN_Direction_Init    text7        001AD0
__end_of_GPIO_PIN_Init              text6        001F80
__end_of_GPIO_PIN_Read_Logic        text19       001D56
__end_of_GPIO_PIN_Write_Logic       text18       001882
__end_of_Get_First_Number           text9        0012D8
__end_of_Get_Second_Number          text8        001756
__end_of_INT0_ISR                   text27       002300
__end_of_INT1_ISR                   text26       0022FC
__end_of_INT2_ISR                   text25       0022F8
__end_of_InterruptManager           intcode_body 00155E
__end_of_KEYPAD_Get_Number          text17       001BBC
__end_of_KEYPAD_Init                text5        0020D4
__end_of_Keypad_Elements            smallconst   001011
__end_of_LCD_4BITS_Send_Command     text2        002194
__end_of_LCD_4BITS_Send_Data        text4        0021E4
__end_of_LCD_4BITS_Send_ENABLE      text3        002212
__end_of_LCD_8BITS_Init             text1        001C96
__end_of_LCD_8BITS_Send_Char        text14       001FF6
__end_of_LCD_8BITS_Send_Command     text15       00206C
__end_of_LCD_8BITS_Send_ENABLE      text16       002238
__end_of_LCD_8BITS_Send_Number      text10       0019AA
__end_of_LCD_8BITS_Send_String      text13       001F06
__end_of_RB4_ISR                    text24       0022E2
__end_of_RB5_ISR                    text23       0022C8
__end_of_RB6_ISR                    text22       0022AE
__end_of_RB7_ISR                    text21       002294
__end_of___lldiv                    text12       001DFA
__end_of___llmod                    text11       001E82
__end_of__initialization            cinit        00212E
__end_of_main                       text0        00227A
__initialization                    cinit        0020D4
__mediumconst                       mediumconst  000000
__pbssBANK0                         bssBANK0     000092
__pbssCOMRAM                        bssCOMRAM    000031
__pcinit                            cinit        0020D4
__pcstackCOMRAM                     cstackCOMRAM 000001
__pdataBANK0                        dataBANK0    000080
__pdataCOMRAM                       dataCOMRAM   000059
__pidataBANK0                       idataBANK0   0022E2
__pidataCOMRAM                      idataCOMRAM  002238
__pintcode                          intcode      000008
__pintcode_body                     intcode_body 0012D8
__psmallconst                       smallconst   001000
__ptext0                            text0        00225A
__ptext1                            text1        001BBC
__ptext10                           text10       001882
__ptext11                           text11       001DFA
__ptext12                           text12       001D56
__ptext13                           text13       001E82
__ptext14                           text14       001F80
__ptext15                           text15       001FF6
__ptext16                           text16       002212
__ptext17                           text17       001AD0
__ptext18                           text18       001756
__ptext19                           text19       001C96
__ptext2                            text2        002138
__ptext21                           text21       00227A
__ptext22                           text22       002294
__ptext23                           text23       0022AE
__ptext24                           text24       0022C8
__ptext25                           text25       0022F4
__ptext26                           text26       0022F8
__ptext27                           text27       0022FC
__ptext3                            text3        0021E4
__ptext4                            text4        002194
__ptext5                            text5        00206C
__ptext6                            text6        001F06
__ptext7                            text7        0019AA
__ptext8                            text8        00155E
__ptext9                            text9        001024
__ramtop                            ramtop       001000
__smallconst                        smallconst   001000
_count                              bssCOMRAM    000048
_first_num                          bssCOMRAM    000056
_keypad                             dataBANK0    00008A
_lcd                                dataCOMRAM   000071
_main                               text0        00225A
_operator                           bssCOMRAM    000047
_second_num                         bssCOMRAM    000053
btemp                               temp         00007B
end_of_initialization               cinit        00212E
int$flags                           temp         00007B
int_func                            intcode_body 0012D8
intlevel0                           text         000000
intlevel1                           text         000000
intlevel2                           text         000000
intlevel3                           text         000000
isa$std                             (abs)        000001
isa$xinst                           (abs)        000000
stackhi                             (abs)        000000
stacklo                             (abs)        000000
start                               init         00000E
start_initialization                cinit        0020D4
ttemp5                              temp         00007C
ttemp6                              temp         00007F
ttemp7                              temp         000083
wtemp8                              temp         00007C


MODULE INFORMATION

Module		Function		Class		Link	Load	Size
MCAL_Layer/Interrupt/INT_External.c
		_RB4_ISR       		CODE           	22C8	0000	26
		_RB5_ISR       		CODE           	22AE	0000	26
		_RB6_ISR       		CODE           	2294	0000	26
		_RB7_ISR       		CODE           	227A	0000	26
		_INT0_ISR      		CODE           	22FC	0000	4
		_INT1_ISR      		CODE           	22F8	0000	4
		_INT2_ISR      		CODE           	22F4	0000	4

MCAL_Layer/Interrupt/INT_External.c estimated size: 116

Application.c
		_main          		CODE           	225A	0000	32
		_Get_Second_Number		CODE           	155E	0000	504
		_Get_First_Number		CODE           	1024	0000	692

Application.c estimated size: 1228

ECU_Layer/LCD/LCD.c
		_LCD_8BITS_Send_Number		CODE           	1882	0000	296
		_LCD_4BITS_Send_Command		CODE           	2138	0000	92
		_LCD_8BITS_Init		CODE           	1BBC	0000	218
		_LCD_8BITS_Send_String		CODE           	1E82	0000	132
		_LCD_8BITS_Send_ENABLE		CODE           	2212	0000	38
		_LCD_4BITS_Send_ENABLE		CODE           	21E4	0000	46
		_LCD_8BITS_Send_Command		CODE           	1FF6	0000	118
		_LCD_4BITS_Send_Data		CODE           	2194	0000	80
		_LCD_8BITS_Send_Char		CODE           	1F80	0000	118

ECU_Layer/LCD/LCD.c estimated size: 1138

shared
		__initialization		CODE           	20D4	0000	90
		_Keypad_Elements		SMALLCONST     	1001	0000	16

shared estimated size: 106

C:\Program Files\Microchip\xc8\v2.45\pic\sources\c99\common\llmod.c
		___llmod       		CODE           	1DFA	0000	136

C:\Program Files\Microchip\xc8\v2.45\pic\sources\c99\common\llmod.c estimated size: 136

C:\Program Files\Microchip\xc8\v2.45\pic\sources\c99\common\__lldiv.c
		___lldiv       		CODE           	1D56	0000	164

C:\Program Files\Microchip\xc8\v2.45\pic\sources\c99\common\__lldiv.c estimated size: 164

MCAL_Layer/Interrupt/INT_Manager.c
		_InterruptManager		CODE           	0008	0000	652

MCAL_Layer/Interrupt/INT_Manager.c estimated size: 652

MCAL_Layer/GPIO/HAL_GPIO.c
		_GPIO_PIN_Read_Logic		CODE           	1C96	0000	192
		_GPIO_PIN_Direction_Init		CODE           	19AA	0000	294
		_GPIO_PIN_Init 		CODE           	1F06	0000	122
		_GPIO_PIN_Write_Logic		CODE           	1756	0000	300

MCAL_Layer/GPIO/HAL_GPIO.c estimated size: 908

ECU_Layer/KeyPad/Keypad.c
		_KEYPAD_Init   		CODE           	206C	0000	104
		_KEYPAD_Get_Number		CODE           	1AD0	0000	236

ECU_Layer/KeyPad/Keypad.c estimated size: 340

